<div>
<ul>
<li>Haruhi</li>
<li>Mikuru</li>
<li>Yuki</li>
</ul>
</div>

