Loading scenario and instance data
Constructing reference model and instance
Constructing scenario tree instance
Constructing scenario tree object
Scenario Tree Detail
----------------------------------------------------
Model=unknown
----------------------------------------------------
Tree Nodes:

	Name=AboveAverageNode
	Stage=SecondStage
	Parent=RootNode
	Conditional probability=0.3333
	Children:
		None
	Scenarios:
		AboveAverageScenario

	Name=AverageNode
	Stage=SecondStage
	Parent=RootNode
	Conditional probability=0.3333
	Children:
		None
	Scenarios:
		AverageScenario

	Name=BelowAverageNode
	Stage=SecondStage
	Parent=RootNode
	Conditional probability=0.3333
	Children:
		None
	Scenarios:
		BelowAverageScenario

	Name=RootNode
	Stage=FirstStage
	Parent=None
	Conditional probability=1.0000
	Children:
		AboveAverageNode
		AverageNode
		BelowAverageNode
	Scenarios:
		AboveAverageScenario
		AverageScenario
		BelowAverageScenario

----------------------------------------------------
Stages:
	Name=FirstStage
	Tree Nodes: 
		RootNode
	Variables: 
		DevotedAcreage : [*]
	Cost Variable: 
		FirstStageCost

	Name=SecondStage
	Tree Nodes: 
		AboveAverageNode
		AverageNode
		BelowAverageNode
	Variables: 
		QuantityPurchased : [*]
		QuantitySubQuotaSold : [*]
		QuantitySuperQuotaSold : [*]

	Cost Variable: 
		SecondStageCost

----------------------------------------------------
Scenarios:
	Name=AboveAverageScenario
	Probability=0.3333
	Leaf node=AboveAverageNode
	Tree node sequence:
		RootNode
		AboveAverageNode

	Name=AverageScenario
	Probability=0.3333
	Leaf node=AverageNode
	Tree node sequence:
		RootNode
		AverageNode

	Name=BelowAverageScenario
	Probability=0.3333
	Leaf node=BelowAverageNode
	Tree node sequence:
		RootNode
		BelowAverageNode

----------------------------------------------------
Scenario tree is valid!
Scenario-based instance initialization enabled
Scenario-based instance initialization enabled
Creating instance for scenario=BelowAverageScenario
Data for scenario=BelowAverageScenario loads from file=coopr.pysp/examples/pysp/farmer/scenariodata/BelowAverageScenario.dat
Scenario-based instance initialization enabled
Creating instance for scenario=AverageScenario
Data for scenario=AverageScenario loads from file=coopr.pysp/examples/pysp/farmer/scenariodata/AverageScenario.dat
Scenario-based instance initialization enabled
Creating instance for scenario=AboveAverageScenario
Data for scenario=AboveAverageScenario loads from file=coopr.pysp/examples/pysp/farmer/scenariodata/AboveAverageScenario.dat
Creating extensive form binding instance
Creating variables for master binding instance
Creating master variable and blending constraints for decision variable=DevotedAcreage, indices= [*]
Creating master variable and blending constraints for decision variable=QuantitySubQuotaSold, indices= [*]
Creating master variable and blending constraints for decision variable=QuantitySuperQuotaSold, indices= [*]
Creating master variable and blending constraints for decision variable=QuantityPurchased, indices= [*]
Creating master variable and blending constraints for cost variable=FirstStageCost, index=None
Creating master variable and blending constraints for cost variable=SecondStageCost, index=None
Starting to write extensive form
Output file written to file= efout.lp
Total execution time=    0.15 seconds
